n/rostro_299.jpg
n/rostro_298.jpg
n/rostro_297.jpg
n/rostro_296.jpg
n/rostro_295.jpg
n/rostro_294.jpg
n/rostro_293.jpg
n/rostro_292.jpg
n/rostro_291.jpg
n/rostro_290.jpg
n/rostro_289.jpg
n/rostro_288.jpg
n/rostro_287.jpg
n/rostro_286.jpg
n/rostro_285.jpg
n/rostro_284.jpg
n/rostro_283.jpg
n/rostro_282.jpg
n/rostro_281.jpg
n/rostro_280.jpg
n/rostro_279.jpg
n/rostro_278.jpg
n/rostro_277.jpg
n/rostro_276.jpg
n/rostro_275.jpg
n/rostro_274.jpg
n/rostro_273.jpg
n/rostro_272.jpg
n/rostro_271.jpg
n/rostro_270.jpg
n/rostro_269.jpg
n/rostro_268.jpg
n/rostro_267.jpg
n/rostro_266.jpg
n/rostro_265.jpg
n/rostro_264.jpg
n/rostro_263.jpg
n/rostro_262.jpg
n/rostro_261.jpg
n/rostro_260.jpg
n/rostro_259.jpg
n/rostro_258.jpg
n/rostro_257.jpg
n/rostro_256.jpg
n/rostro_255.jpg
n/rostro_254.jpg
n/rostro_253.jpg
n/rostro_252.jpg
n/rostro_251.jpg
n/rostro_250.jpg
n/rostro_249.jpg
n/rostro_248.jpg
n/rostro_247.jpg
n/rostro_246.jpg
n/rostro_245.jpg
n/rostro_244.jpg
n/rostro_243.jpg
n/rostro_242.jpg
n/rostro_241.jpg
n/rostro_240.jpg
n/rostro_239.jpg
n/rostro_238.jpg
n/rostro_237.jpg
n/rostro_236.jpg
n/rostro_235.jpg
n/rostro_234.jpg
n/rostro_233.jpg
n/rostro_232.jpg
n/rostro_231.jpg
n/rostro_230.jpg
n/rostro_229.jpg
n/rostro_228.jpg
n/rostro_227.jpg
n/rostro_226.jpg
n/rostro_225.jpg
n/rostro_224.jpg
n/rostro_223.jpg
n/rostro_222.jpg
n/rostro_221.jpg
n/rostro_220.jpg
n/rostro_219.jpg
n/rostro_218.jpg
n/rostro_217.jpg
n/rostro_216.jpg
n/rostro_215.jpg
n/rostro_214.jpg
n/rostro_213.jpg
n/rostro_212.jpg
n/rostro_211.jpg
n/rostro_210.jpg
n/rostro_209.jpg
n/rostro_208.jpg
n/rostro_207.jpg
n/rostro_206.jpg
n/rostro_205.jpg
n/rostro_204.jpg
n/rostro_203.jpg
n/rostro_202.jpg
n/rostro_201.jpg
n/rostro_200.jpg
n/rostro_199.jpg
n/rostro_198.jpg
n/rostro_197.jpg
n/rostro_196.jpg
n/rostro_195.jpg
n/rostro_194.jpg
n/rostro_193.jpg
n/rostro_192.jpg
n/rostro_191.jpg
n/rostro_190.jpg
n/rostro_189.jpg
n/rostro_188.jpg
n/rostro_187.jpg
n/rostro_186.jpg
n/rostro_185.jpg
n/rostro_184.jpg
n/rostro_183.jpg
n/rostro_182.jpg
n/rostro_181.jpg
n/rostro_180.jpg
n/rostro_179.jpg
n/rostro_178.jpg
n/rostro_177.jpg
n/rostro_176.jpg
n/rostro_175.jpg
n/rostro_174.jpg
n/rostro_173.jpg
n/rostro_172.jpg
n/rostro_171.jpg
n/rostro_170.jpg
n/rostro_169.jpg
n/rostro_168.jpg
n/rostro_167.jpg
n/rostro_166.jpg
n/rostro_165.jpg
n/rostro_164.jpg
n/rostro_163.jpg
n/rostro_162.jpg
n/rostro_161.jpg
n/rostro_160.jpg
n/rostro_159.jpg
n/rostro_158.jpg
n/rostro_157.jpg
n/rostro_156.jpg
n/rostro_155.jpg
n/rostro_154.jpg
n/rostro_153.jpg
n/rostro_152.jpg
n/rostro_151.jpg
n/rostro_150.jpg
n/rostro_149.jpg
n/rostro_148.jpg
n/rostro_147.jpg
n/rostro_146.jpg
n/rostro_145.jpg
n/rostro_144.jpg
n/rostro_143.jpg
n/rostro_142.jpg
n/rostro_141.jpg
n/rostro_140.jpg
n/rostro_139.jpg
n/rostro_138.jpg
n/rostro_137.jpg
n/rostro_136.jpg
n/rostro_135.jpg
n/rostro_134.jpg
n/rostro_133.jpg
n/rostro_132.jpg
n/rostro_131.jpg
n/rostro_130.jpg
n/rostro_129.jpg
n/rostro_128.jpg
n/rostro_127.jpg
n/rostro_126.jpg
n/rostro_125.jpg
n/rostro_124.jpg
n/rostro_123.jpg
n/rostro_122.jpg
n/rostro_121.jpg
n/rostro_120.jpg
n/rostro_119.jpg
n/rostro_118.jpg
n/rostro_117.jpg
n/rostro_116.jpg
n/rostro_115.jpg
n/rostro_114.jpg
n/rostro_113.jpg
n/rostro_112.jpg
n/rostro_111.jpg
n/rostro_110.jpg
n/rostro_109.jpg
n/rostro_108.jpg
n/rostro_107.jpg
n/rostro_106.jpg
n/rostro_105.jpg
n/rostro_104.jpg
n/rostro_103.jpg
n/rostro_102.jpg
n/rostro_101.jpg
n/rostro_100.jpg
n/rostro_99.jpg
n/rostro_98.jpg
n/rostro_97.jpg
n/rostro_96.jpg
n/rostro_95.jpg
n/rostro_94.jpg
n/rostro_93.jpg
n/rostro_92.jpg
n/rostro_91.jpg
n/rostro_90.jpg
n/rostro_89.jpg
n/rostro_88.jpg
n/rostro_87.jpg
n/rostro_86.jpg
n/rostro_85.jpg
n/rostro_84.jpg
n/rostro_83.jpg
n/rostro_82.jpg
n/rostro_81.jpg
n/rostro_80.jpg
n/rostro_79.jpg
n/rostro_78.jpg
n/rostro_77.jpg
n/rostro_76.jpg
n/rostro_75.jpg
n/rostro_74.jpg
n/rostro_73.jpg
n/rostro_72.jpg
n/rostro_71.jpg
n/rostro_70.jpg
n/rostro_69.jpg
n/rostro_68.jpg
n/rostro_67.jpg
n/rostro_66.jpg
n/rostro_65.jpg
n/rostro_64.jpg
n/rostro_63.jpg
n/rostro_62.jpg
n/rostro_61.jpg
n/rostro_60.jpg
n/rostro_59.jpg
n/rostro_58.jpg
n/rostro_57.jpg
n/rostro_56.jpg
n/rostro_55.jpg
n/rostro_54.jpg
n/rostro_53.jpg
n/rostro_52.jpg
n/rostro_51.jpg
n/rostro_50.jpg
n/rostro_49.jpg
n/rostro_48.jpg
n/rostro_47.jpg
n/rostro_46.jpg
n/rostro_45.jpg
n/rostro_44.jpg
n/rostro_43.jpg
n/rostro_42.jpg
n/rostro_41.jpg
n/rostro_40.jpg
n/rostro_39.jpg
n/rostro_38.jpg
n/rostro_37.jpg
n/rostro_36.jpg
n/rostro_35.jpg
n/rostro_34.jpg
n/rostro_33.jpg
n/rostro_32.jpg
n/rostro_31.jpg
n/rostro_30.jpg
n/rostro_29.jpg
n/rostro_28.jpg
n/rostro_27.jpg
n/rostro_26.jpg
n/rostro_25.jpg
n/rostro_24.jpg
n/rostro_23.jpg
n/rostro_22.jpg
n/rostro_21.jpg
n/rostro_20.jpg
n/rostro_19.jpg
n/rostro_18.jpg
n/rostro_17.jpg
n/rostro_16.jpg
n/rostro_15.jpg
n/rostro_14.jpg
n/rostro_13.jpg
n/rostro_12.jpg
n/rostro_11.jpg
n/rostro_10.jpg
n/rostro_9.jpg
n/rostro_8.jpg
n/rostro_7.jpg
n/rostro_6.jpg
n/rostro_5.jpg
n/rostro_4.jpg
n/rostro_3.jpg
n/rostro_2.jpg
n/rostro_1.jpg
n/rostro_0.jpg